     ALIGNMENT_COUNT: 0, 0
          BASE_COUNT: 36
      BIO_BASE_COUNT: 36
      CMP_BASE_COUNT: 36
        COLOR_MATRIX: 0, 1, 2, 3, 4, 1, 0, 3, 2, 4, 2, 3, 0, 1, 4, 3, 2, 1, 0, 4, 4, 4, 4, 4, 4
              CSREAD: 112332022230202..1120022110..03..0..
              CS_KEY: TT
           CS_NATIVE: false
      FIXED_SPOT_LEN: 36
         MAX_SPOT_ID: 1
         MIN_SPOT_ID: 1
                NAME: 1
            PLATFORM: SRA_PLATFORM_UNDEFINED
PRIMARY_ALIGNMENT_ID: 0, 0
             QUALITY: 25, 25, 25, 25, 25, 25, 25, 25, 25, 25, 25, 25, 25, 25, 25, 25, 16, 25, 25, 22, 25, 25, 25, 25, 25, 25, 25, 25, 25, 25, 25, 25, 25, 25, 25, 25
           RD_FILTER: SRA_READ_FILTER_PASS, SRA_READ_FILTER_PASS
                READ: GTCGCTTCTCGGAAGNGTGAAAGACAANAATNTTNN
         READ_FILTER: SRA_READ_FILTER_PASS, SRA_READ_FILTER_PASS
            READ_LEN: 36, 0
            READ_SEG: [0, 36], [36, 0]
          READ_START: 0, 36
           READ_TYPE: SRA_READ_TYPE_BIOLOGICAL, SRA_READ_TYPE_TECHNICAL
          SIGNAL_LEN: 0
          SPOT_COUNT: 1
          SPOT_GROUP: 
             SPOT_ID: 1
            SPOT_LEN: 36
          TMP_KEY_ID: 0
            TRIM_LEN: 36
          TRIM_START: 0

