     ALIGNMENT_COUNT: 0, 0
          BASE_COUNT: 66
      BIO_BASE_COUNT: 66
      CMP_BASE_COUNT: 66
        COLOR_MATRIX: 0, 1, 2, 3, 4, 1, 0, 3, 2, 4, 2, 3, 0, 1, 4, 3, 2, 1, 0, 4, 4, 4, 4, 4, 4
              CSREAD: 301212321010213302323201331023331311203221313213231002230003322030
              CS_KEY: TT
           CS_NATIVE: false
      FIXED_SPOT_LEN: 66
         MAX_SPOT_ID: 1
         MIN_SPOT_ID: 1
                NAME: 1
            PLATFORM: SRA_PLATFORM_UNDEFINED
PRIMARY_ALIGNMENT_ID: 0, 0
             QUALITY: 36, 36, 36, 36, 36, 36, 36, 36, 36, 36, 36, 36, 36, 36, 36, 36, 36, 36, 36, 36, 36, 36, 36, 36, 36, 36, 36, 36, 36, 36, 36, 36, 36, 37, 37, 37, 37, 37, 37, 37, 37, 37, 37, 37, 37, 37, 37, 37, 37, 37, 37, 37, 37, 37, 37, 37, 37, 37, 37, 37, 37, 37, 37, 37, 37, 37
           RD_FILTER: SRA_READ_FILTER_PASS, SRA_READ_FILTER_PASS
                READ: AACTGATCAACCTGCGGATCGAACGCAAGCGCAACAGGCTCATGCTGCTACCCTCGGGGCGAGGCC
         READ_FILTER: SRA_READ_FILTER_PASS, SRA_READ_FILTER_PASS
            READ_LEN: 33, 33
            READ_SEG: [0, 33], [33, 33]
          READ_START: 0, 33
           READ_TYPE: SRA_READ_TYPE_BIOLOGICAL, SRA_READ_TYPE_BIOLOGICAL
          SIGNAL_LEN: 0
          SPOT_COUNT: 1
          SPOT_GROUP: 
             SPOT_ID: 1
            SPOT_LEN: 66
          TMP_KEY_ID: 0
            TRIM_LEN: 66
          TRIM_START: 0

