     ALIGNMENT_COUNT: 0
          BASE_COUNT: 6
      BIO_BASE_COUNT: 6
      CMP_BASE_COUNT: 6
        COLOR_MATRIX: 0, 1, 2, 3, 4, 1, 0, 3, 2, 4, 2, 3, 0, 1, 4, 3, 2, 1, 0, 4, 4, 4, 4, 4, 4
              CSREAD: ..3
              CS_KEY: T
           CS_NATIVE: false
      FIXED_SPOT_LEN: 3
         MAX_SPOT_ID: 2
         MIN_SPOT_ID: 1
                NAME: 1
            PLATFORM: SRA_PLATFORM_UNDEFINED
PRIMARY_ALIGNMENT_ID: 0
             QUALITY: 0, 0, 0
           RD_FILTER: SRA_READ_FILTER_PASS
                READ: NTA
         READ_FILTER: SRA_READ_FILTER_PASS
            READ_LEN: 3
            READ_SEG: [0, 3]
          READ_START: 0
           READ_TYPE: SRA_READ_TYPE_BIOLOGICAL
          SIGNAL_LEN: 0
          SPOT_COUNT: 2
          SPOT_GROUP: 
             SPOT_ID: 1
            SPOT_LEN: 3
            TRIM_LEN: 3
          TRIM_START: 0

     ALIGNMENT_COUNT: 0
          BASE_COUNT: 6
      BIO_BASE_COUNT: 6
      CMP_BASE_COUNT: 6
        COLOR_MATRIX: 0, 1, 2, 3, 4, 1, 0, 3, 2, 4, 2, 3, 0, 1, 4, 3, 2, 1, 0, 4, 4, 4, 4, 4, 4
              CSREAD: ...
              CS_KEY: T
           CS_NATIVE: false
      FIXED_SPOT_LEN: 3
         MAX_SPOT_ID: 2
         MIN_SPOT_ID: 1
                NAME: 2
            PLATFORM: SRA_PLATFORM_UNDEFINED
PRIMARY_ALIGNMENT_ID: 0
             QUALITY: 0, 0, 0
           RD_FILTER: SRA_READ_FILTER_PASS
                READ: NNT
         READ_FILTER: SRA_READ_FILTER_PASS
            READ_LEN: 3
            READ_SEG: [0, 3]
          READ_START: 0
           READ_TYPE: SRA_READ_TYPE_BIOLOGICAL
          SIGNAL_LEN: 0
          SPOT_COUNT: 2
          SPOT_GROUP: 
             SPOT_ID: 2
            SPOT_LEN: 3
            TRIM_LEN: 3
          TRIM_START: 0

