latf-load err: file="4.5.fastq"
latf-load err:syntax error
latf-load err: file="4.5.fastq"
latf-load err:syntax error
latf-load err: file="4.5.fastq"
latf-load err:syntax error
latf-load err: error excessive while reading file within alignment module - Number of errors 3 exceeds limit of 2: Exiting
latf-load err: error excessive while reading file within alignment module - accession="obj" errors="3" status="failure"
latf-load err: error excessive while reading file within alignment module - load failed
