latf-load err: param incorrect while accessing argument list within application support module - Invalid platform SOMETHINGELSE
latf-load err: param incorrect while accessing argument list within application support module - accession="obj" errors="0" status="failure"
latf-load err: param incorrect while accessing argument list within application support module - load failed
