latf-load err: path not found while accessing directory within file system module - accession="obj" errors="0" status="failure"
latf-load err: path not found while accessing directory within file system module - load failed
