     ALIGNMENT_COUNT: 0
          BASE_COUNT: 1992
      BIO_BASE_COUNT: 1992
      CMP_BASE_COUNT: 1992
        COLOR_MATRIX: 0, 1, 2, 3, 4, 1, 0, 3, 2, 4, 2, 3, 0, 1, 4, 3, 2, 1, 0, 4, 4, 4, 4, 4, 4
              CSREAD: 33333113001122113112313102030222133122230321033330003303123012303302102200033003011212211003120000330322030230111230023000331031322331013122211000001112132020113221212022310122001303300031130003321103303120130022220212122000003122200012300330033000311110001103033003330301230033021210033003
              CS_KEY: T
           CS_NATIVE: false
      FIXED_SPOT_LEN: 0
         MAX_SPOT_ID: 13
         MIN_SPOT_ID: 1
                NAME: 1
            PLATFORM: SRA_PLATFORM_UNDEFINED
PRIMARY_ALIGNMENT_ID: 0
             QUALITY: 23, 24, 25, 39, 39, 32, 25, 14, 16, 16, 24, 17, 35, 34, 39, 39, 40, 40, 36, 40, 40, 40, 40, 38, 38, 38, 38, 40, 40, 40, 40, 40, 40, 40, 40, 40, 40, 40, 40, 40, 40, 40, 40, 40, 40, 40, 32, 24, 20, 20, 20, 18, 32, 23, 27, 36, 39, 39, 38, 40, 40, 40, 40, 38, 36, 36, 32, 39, 35, 26, 22, 16, 16, 16, 16, 26, 14, 14, 14, 32, 32, 35, 33, 38, 40, 40, 40, 40, 36, 35, 35, 34, 34, 25, 25, 25, 25, 25, 40, 22, 22, 35, 40, 39, 39, 40, 40, 40, 35, 35, 35, 38, 40, 35, 20, 20, 21, 28, 28, 28, 31, 31, 39, 30, 40, 40, 40, 40, 40, 40, 40, 40, 40, 40, 40, 40, 40, 40, 40, 40, 40, 40, 21, 21, 24, 24, 24, 22, 33, 17, 33, 33, 40, 40, 40, 40, 40, 40, 40, 40, 40, 40, 40, 40, 40, 40, 40, 40, 40, 40, 40, 26, 26, 26, 26, 26, 26, 39, 40, 40, 40, 36, 26, 26, 26, 26, 40, 35, 32, 19, 19, 19, 19, 23, 17, 35, 36, 29, 29, 31, 27, 30, 40, 38, 39, 39, 40, 29, 29, 29, 33, 29, 40, 40, 40, 38, 38, 38, 38, 38, 21, 22, 22, 22, 17, 17, 39, 40, 16, 28, 20, 18, 16, 16, 22, 26, 31, 33, 28, 26, 14, 14, 16, 28, 23, 26, 28, 25, 35, 35, 34, 35, 29, 29, 31, 31, 38, 27, 26, 29, 29, 28, 33, 33, 36, 40, 40, 40, 40, 35, 32, 33, 33, 28, 29, 24, 26, 15, 15, 22, 20, 15, 11, 11, 11, 20, 16, 19, 16, 16
           RD_FILTER: SRA_READ_FILTER_PASS
                READ: ATATACATTTGTCTGTACAGCATGGAATTCTCATACTCTAATCAATATAAAATAATGATTGATTATTCAAGAAAATAAATTGTCAGACAAATGAAAAATAATCTTAAGCCACAGCCCTAAAATACCGTAGATACCATGAGACAAAAAACACTGCTTCCACGAGTCAGGAGCAACTCCCATTATTTTACATTTTATCACCGCCGTCCATTTCTCTTCAGTCTTTTTTACTCTTTTGATTTATTTATTTTACACAAAACAATTATTTATAATTGATTTATTCAGTTTATTTA
         READ_FILTER: SRA_READ_FILTER_PASS
            READ_LEN: 290
            READ_SEG: [0, 290]
          READ_START: 0
           READ_TYPE: SRA_READ_TYPE_BIOLOGICAL
          SIGNAL_LEN: 0
          SPOT_COUNT: 13
          SPOT_GROUP: 
             SPOT_ID: 1
            SPOT_LEN: 290
            TRIM_LEN: 290
          TRIM_START: 0

     ALIGNMENT_COUNT: 0
          BASE_COUNT: 1992
      BIO_BASE_COUNT: 1992
      CMP_BASE_COUNT: 1992
        COLOR_MATRIX: 0, 1, 2, 3, 4, 1, 0, 3, 2, 4, 2, 3, 0, 1, 4, 3, 2, 1, 0, 4, 4, 4, 4, 4, 4
              CSREAD: 0120230102202301112310113213110012202220220222322023022130220320202112303211020022210222022022021121310130201332031103210011302222010211021210231301020303202212303210211330322111311122200220131133120121202301320220120112212332211222121001
              CS_KEY: T
           CS_NATIVE: false
      FIXED_SPOT_LEN: 0
         MAX_SPOT_ID: 13
         MIN_SPOT_ID: 1
                NAME: 2
            PLATFORM: SRA_PLATFORM_UNDEFINED
PRIMARY_ALIGNMENT_ID: 0
             QUALITY: 37, 37, 36, 36, 36, 37, 37, 37, 37, 37, 37, 40, 40, 40, 40, 40, 40, 40, 39, 37, 26, 26, 26, 39, 39, 39, 39, 39, 39, 31, 31, 31, 40, 40, 40, 40, 40, 40, 40, 40, 40, 40, 40, 40, 40, 40, 40, 40, 40, 35, 37, 35, 37, 37, 37, 37, 37, 37, 37, 37, 37, 37, 37, 37, 37, 37, 37, 37, 37, 37, 37, 37, 37, 37, 37, 35, 35, 30, 25, 25, 24, 24, 33, 20, 21, 21, 25, 28, 32, 33, 35, 35, 35, 35, 35, 35, 30, 30, 30, 35, 35, 32, 28, 28, 25, 25, 25, 25, 25, 24, 27, 28, 28, 29, 29, 28, 30, 27, 16, 16, 16, 16, 23, 22, 29, 29, 27, 27, 27, 28, 29, 29, 23, 24, 24, 29, 29, 29, 24, 15, 15, 15, 19, 23, 23, 23, 23, 27, 27, 27, 27, 31, 27, 23, 23, 23, 27, 27, 27, 30, 32, 32, 23, 20, 20, 20, 25, 25, 35, 32, 32, 32, 35, 35, 35, 37, 37, 37, 35, 34, 34, 37, 37, 37, 37, 37, 34, 27, 24, 24, 27, 30, 37, 37, 37, 37, 35, 35, 35, 32, 34, 34, 37, 35, 30, 30, 30, 32, 32, 35, 32, 30, 30, 30, 32, 32, 32, 35, 37, 35, 35, 35, 35, 35, 35, 33, 33, 33, 30, 30, 28, 28, 22, 22, 17, 17, 16, 17
           RD_FILTER: SRA_READ_FILTER_PASS
                READ: TGAAGCCAAGAAGCCACAGCAACATCATGTTTGAGGAGAAGAAGAGCTCCTAAGACGGAGGCTTCCTGTCGGCTGTTCCCTCTGGAGAAGAAGAAGTGACGTTGCCTTGCGAATGTTAGTTTGTAAGAGAACCTGTTCAGTTCGTAACCTTAATCCTCAGCCGACCTGTATTAGACACGTGTCTCCCTCCATGTATGAACTGAAGCCATCCTCCAGGTGAGTCGCTCACTCTGACCCA
         READ_FILTER: SRA_READ_FILTER_PASS
            READ_LEN: 238
            READ_SEG: [0, 238]
          READ_START: 0
           READ_TYPE: SRA_READ_TYPE_BIOLOGICAL
          SIGNAL_LEN: 0
          SPOT_COUNT: 13
          SPOT_GROUP: 
             SPOT_ID: 2
            SPOT_LEN: 238
            TRIM_LEN: 238
          TRIM_START: 0

     ALIGNMENT_COUNT: 0
          BASE_COUNT: 1992
      BIO_BASE_COUNT: 1992
      CMP_BASE_COUNT: 1992
        COLOR_MATRIX: 0, 1, 2, 3, 4, 1, 0, 3, 2, 4, 2, 3, 0, 1, 4, 3, 2, 1, 0, 4, 4, 4, 4, 4, 4
              CSREAD: .
              CS_KEY: T
           CS_NATIVE: false
      FIXED_SPOT_LEN: 0
         MAX_SPOT_ID: 13
         MIN_SPOT_ID: 1
                NAME: 3
            PLATFORM: SRA_PLATFORM_UNDEFINED
PRIMARY_ALIGNMENT_ID: 0
             QUALITY: 0
           RD_FILTER: SRA_READ_FILTER_PASS
                READ: N
         READ_FILTER: SRA_READ_FILTER_PASS
            READ_LEN: 1
            READ_SEG: [0, 1]
          READ_START: 0
           READ_TYPE: SRA_READ_TYPE_BIOLOGICAL
          SIGNAL_LEN: 0
          SPOT_COUNT: 13
          SPOT_GROUP: 
             SPOT_ID: 3
            SPOT_LEN: 1
            TRIM_LEN: 1
          TRIM_START: 0

     ALIGNMENT_COUNT: 0
          BASE_COUNT: 1992
      BIO_BASE_COUNT: 1992
      CMP_BASE_COUNT: 1992
        COLOR_MATRIX: 0, 1, 2, 3, 4, 1, 0, 3, 2, 4, 2, 3, 0, 1, 4, 3, 2, 1, 0, 4, 4, 4, 4, 4, 4
              CSREAD: 3233002222000311131011112200120012023120111002313221303322200232101021320113203131113033111022010111033201333100123131330333103123103222323120100123231
              CS_KEY: T
           CS_NATIVE: false
      FIXED_SPOT_LEN: 0
         MAX_SPOT_ID: 13
         MIN_SPOT_ID: 1
                NAME: 4
            PLATFORM: SRA_PLATFORM_UNDEFINED
PRIMARY_ALIGNMENT_ID: 0
             QUALITY: 39, 40, 40, 28, 28, 28, 36, 33, 39, 29, 29, 29, 29, 36, 36, 40, 40, 40, 40, 40, 40, 40, 40, 40, 40, 39, 39, 39, 40, 39, 39, 39, 40, 40, 40, 40, 40, 40, 40, 40, 40, 40, 39, 39, 39, 40, 40, 40, 40, 40, 40, 40, 40, 40, 40, 40, 40, 40, 39, 39, 39, 40, 40, 40, 40, 40, 40, 40, 40, 40, 40, 40, 40, 40, 40, 40, 40, 40, 40, 40, 40, 40, 36, 33, 33, 32, 35, 38, 38, 38, 27, 27, 29, 32, 32, 32, 32, 32, 35, 35, 36, 36, 39, 39, 39, 39, 40, 40, 40, 36, 35, 37, 37, 40, 40, 40, 36, 36, 36, 36, 40, 38, 33, 33, 28, 28, 28, 33, 40, 40, 40, 38, 36, 35, 28, 28, 32, 32, 32, 30, 14, 14, 14, 14, 14, 17, 25, 28, 25, 25, 23
           RD_FILTER: SRA_READ_FILTER_PASS
                READ: AGCGGGAGAGGGGCACATGGTGTGAGGGTCCCAGGATGAACACCCTACGAGTAATAGAGGGATCAACCTGCTTGTAGGCATGTGCCGCACAAGAACCACAATAGGTATACCCAGCATGCGGCGCAATGATGGCTCTAGCAGGTTTGATCGT
         READ_FILTER: SRA_READ_FILTER_PASS
            READ_LEN: 151
            READ_SEG: [0, 151]
          READ_START: 0
           READ_TYPE: SRA_READ_TYPE_BIOLOGICAL
          SIGNAL_LEN: 0
          SPOT_COUNT: 13
          SPOT_GROUP: 
             SPOT_ID: 4
            SPOT_LEN: 151
            TRIM_LEN: 151
          TRIM_START: 0

     ALIGNMENT_COUNT: 0
          BASE_COUNT: 1992
      BIO_BASE_COUNT: 1992
      CMP_BASE_COUNT: 1992
        COLOR_MATRIX: 0, 1, 2, 3, 4, 1, 0, 3, 2, 4, 2, 3, 0, 1, 4, 3, 2, 1, 0, 4, 4, 4, 4, 4, 4
              CSREAD: 20223123320211200021310032023022113211020213231200100101020333313100120232001001121212120333033312111130201212320110020211321111111011101012102302211312210301021213112121103330001222301133102212210100011002111030120223123001130013200000..0000213
              CS_KEY: T
           CS_NATIVE: false
      FIXED_SPOT_LEN: 0
         MAX_SPOT_ID: 13
         MIN_SPOT_ID: 1
                NAME: 5
            PLATFORM: SRA_PLATFORM_UNDEFINED
PRIMARY_ALIGNMENT_ID: 0
             QUALITY: 40, 40, 40, 40, 40, 40, 40, 40, 40, 40, 40, 40, 40, 40, 26, 26, 26, 26, 40, 40, 40, 39, 39, 39, 40, 40, 40, 40, 40, 40, 40, 40, 40, 40, 40, 40, 40, 40, 40, 40, 40, 40, 40, 40, 40, 40, 40, 39, 39, 39, 39, 39, 39, 40, 40, 40, 40, 40, 40, 40, 40, 40, 40, 40, 35, 26, 26, 26, 39, 40, 40, 40, 40, 39, 39, 39, 39, 39, 39, 40, 40, 40, 40, 40, 40, 40, 40, 40, 40, 40, 40, 40, 40, 40, 40, 40, 40, 40, 40, 40, 40, 40, 26, 26, 26, 26, 40, 40, 40, 40, 40, 40, 40, 40, 39, 39, 39, 40, 40, 40, 40, 40, 40, 40, 40, 40, 40, 40, 40, 40, 40, 40, 40, 40, 40, 40, 40, 40, 40, 40, 40, 40, 40, 40, 40, 40, 40, 40, 40, 40, 40, 40, 40, 40, 40, 34, 34, 34, 34, 40, 40, 40, 40, 40, 40, 40, 40, 40, 40, 40, 40, 40, 40, 39, 31, 31, 33, 33, 40, 40, 40, 40, 40, 40, 40, 40, 35, 34, 29, 29, 28, 28, 37, 33, 28, 17, 17, 12, 12, 12, 15, 14, 11, 12, 12, 20, 28, 33, 28, 28, 31, 31, 31, 36, 40, 40, 36, 35, 35, 35, 29, 29, 29, 24, 16, 17, 17, 17, 17, 24, 21, 21, 21, 21, 17, 19, 0, 14, 18, 18, 18, 18, 40, 39, 23
           RD_FILTER: SRA_READ_FILTER_PASS
                READ: CCTCGTCGCTTCACTTTTCATGGGCTTCGGAGTGCTGTTCCTGCTACTTTGGGTTGGAATATACGTTTGAAGCTTTGGGTGACTGACTTATAATATGACACATTCCAGTCGAACAAAGGACATCACACACAACACCAACTGGATTCTGTACTCAATTGGACTGCACTGACAATATTTTGAGATTGTATGGAGTCTGGTTTTGTTTCACAATTGAAGATGATTTGTAAACGAAAAAANAAAAAGTA
         READ_FILTER: SRA_READ_FILTER_PASS
            READ_LEN: 245
            READ_SEG: [0, 245]
          READ_START: 0
           READ_TYPE: SRA_READ_TYPE_BIOLOGICAL
          SIGNAL_LEN: 0
          SPOT_COUNT: 13
          SPOT_GROUP: 
             SPOT_ID: 5
            SPOT_LEN: 245
            TRIM_LEN: 245
          TRIM_START: 0

     ALIGNMENT_COUNT: 0
          BASE_COUNT: 1992
      BIO_BASE_COUNT: 1992
      CMP_BASE_COUNT: 1992
        COLOR_MATRIX: 0, 1, 2, 3, 4, 1, 0, 3, 2, 4, 2, 3, 0, 1, 4, 3, 2, 1, 0, 4, 4, 4, 4, 4, 4
              CSREAD: .
              CS_KEY: T
           CS_NATIVE: false
      FIXED_SPOT_LEN: 0
         MAX_SPOT_ID: 13
         MIN_SPOT_ID: 1
                NAME: 6
            PLATFORM: SRA_PLATFORM_UNDEFINED
PRIMARY_ALIGNMENT_ID: 0
             QUALITY: 0
           RD_FILTER: SRA_READ_FILTER_PASS
                READ: N
         READ_FILTER: SRA_READ_FILTER_PASS
            READ_LEN: 1
            READ_SEG: [0, 1]
          READ_START: 0
           READ_TYPE: SRA_READ_TYPE_BIOLOGICAL
          SIGNAL_LEN: 0
          SPOT_COUNT: 13
          SPOT_GROUP: 
             SPOT_ID: 6
            SPOT_LEN: 1
            TRIM_LEN: 1
          TRIM_START: 0

     ALIGNMENT_COUNT: 0
          BASE_COUNT: 1992
      BIO_BASE_COUNT: 1992
      CMP_BASE_COUNT: 1992
        COLOR_MATRIX: 0, 1, 2, 3, 4, 1, 0, 3, 2, 4, 2, 3, 0, 1, 4, 3, 2, 1, 0, 4, 4, 4, 4, 4, 4
              CSREAD: 223200321003103331210230003113330102230133303001022311100130130130131100321130133000012310133313120110010203102331310332111310031021031232200102023210011110102223120033232133321130013221231231102322000101220220002200102131111102333001221113300123201102323233323230223032203330223213323101
              CS_KEY: T
           CS_NATIVE: false
      FIXED_SPOT_LEN: 0
         MAX_SPOT_ID: 13
         MIN_SPOT_ID: 1
                NAME: 7
            PLATFORM: SRA_PLATFORM_UNDEFINED
PRIMARY_ALIGNMENT_ID: 0
             QUALITY: 40, 40, 40, 39, 39, 39, 40, 40, 39, 39, 39, 40, 40, 40, 40, 40, 40, 40, 40, 40, 40, 40, 34, 34, 34, 34, 40, 40, 40, 40, 40, 40, 40, 40, 40, 40, 40, 40, 40, 40, 40, 40, 40, 40, 39, 39, 39, 40, 40, 40, 40, 40, 40, 40, 39, 39, 39, 40, 40, 40, 40, 40, 40, 40, 40, 40, 40, 40, 40, 39, 39, 39, 40, 40, 40, 40, 40, 40, 40, 39, 21, 21, 21, 21, 21, 35, 39, 40, 40, 40, 40, 40, 40, 40, 40, 40, 40, 40, 40, 40, 38, 38, 38, 40, 40, 40, 40, 40, 40, 40, 40, 40, 40, 40, 40, 40, 40, 40, 40, 40, 40, 40, 40, 40, 39, 39, 39, 40, 40, 40, 40, 40, 40, 40, 40, 40, 39, 39, 26, 26, 26, 30, 30, 39, 39, 40, 40, 40, 39, 39, 39, 40, 40, 40, 40, 40, 40, 40, 40, 40, 40, 40, 40, 30, 30, 30, 40, 40, 40, 40, 40, 40, 40, 40, 40, 40, 40, 40, 39, 39, 39, 40, 40, 40, 40, 40, 40, 40, 40, 40, 40, 40, 40, 40, 40, 40, 35, 29, 27, 24, 22, 27, 24, 20, 33, 28, 20, 17, 14, 14, 14, 14, 23, 14, 14, 14, 31, 31, 36, 40, 40, 40, 40, 40, 40, 40, 40, 40, 40, 40, 39, 39, 39, 40, 40, 40, 40, 40, 39, 30, 30, 26, 26, 26, 39, 40, 40, 40, 40, 40, 40, 40, 40, 40, 40, 40, 40, 40, 40, 40, 40, 40, 40, 40, 40, 39, 39, 39, 39, 39, 39, 40, 40, 40, 40, 40, 40, 40, 40, 40, 40, 40, 40, 40, 40, 40, 40, 40
           RD_FILTER: SRA_READ_FILTER_PASS
                READ: CTAGGGCTGGGCAATATGACCTAAAATGTATAACCTCGGTATAATTTGGAGCACAAACGGTAACGGTACAAATCACGGTATTTTTGATGGTATACGTCCACCCAAGGCAAGCGTACCGCTGTGCAAATGGACCGTCGAGGGTTCCTAGTTTGTGTTGGAGATGAAATAGCTGCGCTGTAAACGAGTCGTCGTGGATCTTTTGGTCTTCTTTTCTTTGGACGTGTGTTCGCGGGTCTGTGCGGGTCGAACAAGCTAGCGCTAGCCTCGGCTCCGCGGAGCTGCGATGGT
         READ_FILTER: SRA_READ_FILTER_PASS
            READ_LEN: 288
            READ_SEG: [0, 288]
          READ_START: 0
           READ_TYPE: SRA_READ_TYPE_BIOLOGICAL
          SIGNAL_LEN: 0
          SPOT_COUNT: 13
          SPOT_GROUP: 
             SPOT_ID: 7
            SPOT_LEN: 288
            TRIM_LEN: 288
          TRIM_START: 0

     ALIGNMENT_COUNT: 0
          BASE_COUNT: 1992
      BIO_BASE_COUNT: 1992
      CMP_BASE_COUNT: 1992
        COLOR_MATRIX: 0, 1, 2, 3, 4, 1, 0, 3, 2, 4, 2, 3, 0, 1, 4, 3, 2, 1, 0, 4, 4, 4, 4, 4, 4
              CSREAD: 312332130330013213131311103130100220330003132112211210312031220331223032033112121022101200020112122023001312220111111111111111111111111111232
              CS_KEY: T
           CS_NATIVE: false
      FIXED_SPOT_LEN: 0
         MAX_SPOT_ID: 13
         MIN_SPOT_ID: 1
                NAME: 8
            PLATFORM: SRA_PLATFORM_UNDEFINED
PRIMARY_ALIGNMENT_ID: 0
             QUALITY: 37, 37, 37, 37, 37, 37, 37, 37, 37, 37, 37, 39, 39, 40, 40, 40, 40, 40, 40, 40, 39, 39, 38, 37, 35, 35, 35, 35, 32, 32, 21, 21, 18, 25, 24, 32, 33, 24, 25, 25, 26, 35, 37, 37, 37, 37, 37, 37, 37, 37, 37, 37, 37, 37, 37, 37, 37, 37, 37, 37, 37, 34, 35, 35, 37, 37, 37, 37, 35, 35, 35, 37, 37, 37, 37, 37, 37, 37, 35, 33, 32, 32, 32, 32, 32, 27, 23, 16, 16, 16, 16, 19, 19, 32, 32, 32, 30, 32, 32, 33, 37, 37, 37, 35, 35, 35, 35, 35, 37, 37, 37, 37, 37, 37, 37, 37, 37, 37, 37, 37, 37, 37, 37, 37, 37, 37, 37, 37, 37, 37, 35, 33, 32, 30, 30, 28, 21, 21, 19, 18, 14
           RD_FILTER: SRA_READ_FILTER_PASS
                READ: ACTATCATTATTTGCTGCATGCACAATGCCAAAGAATAAAATGCTGTCTGTCAATGAATGAGGCGTCTAATCCGCACTGACCTCAACTTTTCCACTGAGGATTTGCAGAGGTGTGTGTGTGTGTGTGTGTGTGTGTGTCGA
         READ_FILTER: SRA_READ_FILTER_PASS
            READ_LEN: 141
            READ_SEG: [0, 141]
          READ_START: 0
           READ_TYPE: SRA_READ_TYPE_BIOLOGICAL
          SIGNAL_LEN: 0
          SPOT_COUNT: 13
          SPOT_GROUP: 
             SPOT_ID: 8
            SPOT_LEN: 141
            TRIM_LEN: 141
          TRIM_START: 0

     ALIGNMENT_COUNT: 0
          BASE_COUNT: 1992
      BIO_BASE_COUNT: 1992
      CMP_BASE_COUNT: 1992
        COLOR_MATRIX: 0, 1, 2, 3, 4, 1, 0, 3, 2, 4, 2, 3, 0, 1, 4, 3, 2, 1, 0, 4, 4, 4, 4, 4, 4
              CSREAD: 3
              CS_KEY: T
           CS_NATIVE: false
      FIXED_SPOT_LEN: 0
         MAX_SPOT_ID: 13
         MIN_SPOT_ID: 1
                NAME: 9
            PLATFORM: SRA_PLATFORM_UNDEFINED
PRIMARY_ALIGNMENT_ID: 0
             QUALITY: 14
           RD_FILTER: SRA_READ_FILTER_PASS
                READ: A
         READ_FILTER: SRA_READ_FILTER_PASS
            READ_LEN: 1
            READ_SEG: [0, 1]
          READ_START: 0
           READ_TYPE: SRA_READ_TYPE_BIOLOGICAL
          SIGNAL_LEN: 0
          SPOT_COUNT: 13
          SPOT_GROUP: 
             SPOT_ID: 9
            SPOT_LEN: 1
            TRIM_LEN: 1
          TRIM_START: 0

     ALIGNMENT_COUNT: 0
          BASE_COUNT: 1992
      BIO_BASE_COUNT: 1992
      CMP_BASE_COUNT: 1992
        COLOR_MATRIX: 0, 1, 2, 3, 4, 1, 0, 3, 2, 4, 2, 3, 0, 1, 4, 3, 2, 1, 0, 4, 4, 4, 4, 4, 4
              CSREAD: 1113102220321220323011002113132101023311102023132320203003331103221213312231022232120110210122020113123200020011332122312101301202210221013202122020003213210102101021102012100330320023102103000110102300112013212333113010003103101221222211022111033003
              CS_KEY: T
           CS_NATIVE: false
      FIXED_SPOT_LEN: 0
         MAX_SPOT_ID: 13
         MIN_SPOT_ID: 1
                NAME: 10
            PLATFORM: SRA_PLATFORM_UNDEFINED
PRIMARY_ALIGNMENT_ID: 0
             QUALITY: 37, 37, 37, 37, 37, 37, 37, 37, 37, 37, 37, 40, 40, 40, 40, 40, 40, 40, 40, 39, 39, 21, 21, 21, 33, 37, 39, 40, 40, 40, 40, 40, 40, 40, 40, 40, 40, 40, 40, 40, 40, 40, 40, 40, 40, 40, 40, 40, 40, 40, 40, 40, 37, 37, 37, 37, 37, 37, 37, 37, 37, 37, 37, 37, 37, 37, 37, 37, 37, 37, 37, 37, 37, 37, 37, 37, 37, 37, 37, 37, 37, 37, 37, 37, 37, 37, 37, 37, 37, 37, 37, 37, 37, 35, 35, 35, 34, 37, 33, 31, 30, 29, 29, 19, 17, 17, 17, 13, 13, 13, 14, 12, 19, 18, 22, 22, 25, 24, 22, 22, 22, 24, 24, 21, 21, 21, 19, 17, 17, 18, 17, 21, 21, 25, 21, 21, 21, 27, 25, 18, 18, 18, 22, 22, 24, 26, 17, 17, 17, 17, 19, 19, 13, 18, 18, 17, 17, 21, 21, 22, 26, 26, 13, 13, 14, 19, 17, 21, 26, 26, 19, 19, 13, 13, 13, 19, 14, 14, 27, 21, 21, 18, 20, 22, 14, 14, 18, 21, 21, 13, 15, 13, 13, 19, 16, 20, 26, 26, 28, 21, 21, 19, 19, 15, 19, 19, 24, 24, 24, 24, 25, 30, 27, 28, 28, 32, 32, 32, 22, 22, 21, 21, 31, 29, 19, 16, 14, 14, 16, 19, 28, 24, 24, 23, 28, 30, 32, 31, 32, 25, 24, 25, 27, 29, 29, 32, 26, 26, 23, 19
           RD_FILTER: SRA_READ_FILTER_PASS
                READ: GTGCAAGAGGCTGAGGCTAACAAAGTGCATCAACCTATGTGGAAGCATCGAAGGCCCGCGTGGCTCAGTATGAGCAAGAGCTGAACAAGTTGAGGAACATGATCCCCTTTGTATCAGATGACCATTGAAGACCTCAACGAAGTCTTCCCCGACGACCAAGTTGGACAAGGTCAAATAATCCCTACCTGGCCCCACCAAGCCCACTTGCTGATATGTAACCCCGTTACCAGACTCTCACCTCACAATAAAT
         READ_FILTER: SRA_READ_FILTER_PASS
            READ_LEN: 250
            READ_SEG: [0, 250]
          READ_START: 0
           READ_TYPE: SRA_READ_TYPE_BIOLOGICAL
          SIGNAL_LEN: 0
          SPOT_COUNT: 13
          SPOT_GROUP: 
             SPOT_ID: 10
            SPOT_LEN: 250
            TRIM_LEN: 250
          TRIM_START: 0

     ALIGNMENT_COUNT: 0
          BASE_COUNT: 1992
      BIO_BASE_COUNT: 1992
      CMP_BASE_COUNT: 1992
        COLOR_MATRIX: 0, 1, 2, 3, 4, 1, 0, 3, 2, 4, 2, 3, 0, 1, 4, 3, 2, 1, 0, 4, 4, 4, 4, 4, 4
              CSREAD: 33311333221321211222302103222110103211322212002132122301203222112123122333113
              CS_KEY: T
           CS_NATIVE: false
      FIXED_SPOT_LEN: 0
         MAX_SPOT_ID: 13
         MIN_SPOT_ID: 1
                NAME: 11
            PLATFORM: SRA_PLATFORM_UNDEFINED
PRIMARY_ALIGNMENT_ID: 0
             QUALITY: 40, 40, 40, 40, 40, 40, 40, 40, 40, 40, 40, 40, 40, 40, 40, 40, 40, 40, 40, 39, 39, 39, 39, 34, 34, 38, 38, 40, 40, 40, 40, 40, 40, 40, 40, 40, 40, 40, 40, 40, 40, 40, 40, 39, 39, 38, 39, 39, 40, 40, 40, 40, 40, 40, 40, 40, 40, 40, 40, 40, 40, 40, 40, 40, 40, 40, 40, 40, 40, 40, 40, 40, 40, 40, 40, 40, 40
           RD_FILTER: SRA_READ_FILTER_PASS
                READ: ATACATATCTGCTGACAGAGCCTGGCTCTGTTGGCTGTAGAGTCCCTGCTGAGCCAGGCTCTGTCAGCAGATATGTA
         READ_FILTER: SRA_READ_FILTER_PASS
            READ_LEN: 77
            READ_SEG: [0, 77]
          READ_START: 0
           READ_TYPE: SRA_READ_TYPE_BIOLOGICAL
          SIGNAL_LEN: 0
          SPOT_COUNT: 13
          SPOT_GROUP: 
             SPOT_ID: 11
            SPOT_LEN: 77
            TRIM_LEN: 77
          TRIM_START: 0

     ALIGNMENT_COUNT: 0
          BASE_COUNT: 1992
      BIO_BASE_COUNT: 1992
      CMP_BASE_COUNT: 1992
        COLOR_MATRIX: 0, 1, 2, 3, 4, 1, 0, 3, 2, 4, 2, 3, 0, 1, 4, 3, 2, 1, 0, 4, 4, 4, 4, 4, 4
              CSREAD: 303
              CS_KEY: T
           CS_NATIVE: false
      FIXED_SPOT_LEN: 0
         MAX_SPOT_ID: 13
         MIN_SPOT_ID: 1
                NAME: 12
            PLATFORM: SRA_PLATFORM_UNDEFINED
PRIMARY_ALIGNMENT_ID: 0
             QUALITY: 16, 16, 16
           RD_FILTER: SRA_READ_FILTER_PASS
                READ: AAT
         READ_FILTER: SRA_READ_FILTER_PASS
            READ_LEN: 3
            READ_SEG: [0, 3]
          READ_START: 0
           READ_TYPE: SRA_READ_TYPE_BIOLOGICAL
          SIGNAL_LEN: 0
          SPOT_COUNT: 13
          SPOT_GROUP: 
             SPOT_ID: 12
            SPOT_LEN: 3
            TRIM_LEN: 3
          TRIM_START: 0

     ALIGNMENT_COUNT: 0
          BASE_COUNT: 1992
      BIO_BASE_COUNT: 1992
      CMP_BASE_COUNT: 1992
        COLOR_MATRIX: 0, 1, 2, 3, 4, 1, 0, 3, 2, 4, 2, 3, 0, 1, 4, 3, 2, 1, 0, 4, 4, 4, 4, 4, 4
              CSREAD: 020211001202210203122201033110123121112132313130203112333120312022111011200121221103112021111111201133110022130210220230010312320130210113221001212321320221111102202100010312200222312330200030233002201312320012211123133221111221031312122131320310320002113131112033112211322122113000202200102031111120000233
              CS_KEY: T
           CS_NATIVE: false
      FIXED_SPOT_LEN: 0
         MAX_SPOT_ID: 13
         MIN_SPOT_ID: 1
                NAME: 13
            PLATFORM: SRA_PLATFORM_UNDEFINED
PRIMARY_ALIGNMENT_ID: 0
             QUALITY: 40, 40, 40, 40, 26, 21, 21, 21, 30, 30, 39, 40, 40, 40, 40, 40, 40, 40, 40, 40, 40, 40, 40, 40, 40, 40, 40, 40, 40, 40, 40, 40, 40, 40, 40, 40, 40, 40, 40, 40, 40, 40, 40, 40, 40, 40, 40, 40, 39, 39, 39, 40, 40, 40, 40, 40, 40, 40, 40, 40, 40, 40, 40, 40, 40, 40, 40, 40, 40, 40, 40, 40, 39, 39, 39, 40, 40, 40, 40, 40, 40, 40, 40, 40, 40, 40, 40, 40, 40, 40, 40, 40, 40, 40, 40, 40, 40, 40, 40, 40, 40, 40, 40, 39, 39, 39, 40, 40, 40, 40, 40, 40, 40, 40, 40, 40, 40, 40, 39, 39, 39, 40, 40, 40, 40, 40, 40, 40, 40, 40, 40, 40, 40, 40, 40, 40, 40, 40, 40, 40, 39, 39, 39, 40, 40, 40, 39, 39, 39, 40, 39, 39, 39, 39, 39, 40, 40, 40, 40, 40, 40, 40, 40, 40, 40, 34, 34, 33, 33, 40, 40, 40, 40, 40, 26, 26, 26, 36, 27, 36, 32, 38, 38, 40, 28, 26, 19, 19, 19, 17, 31, 31, 39, 36, 22, 22, 19, 28, 22, 25, 36, 36, 36, 36, 30, 19, 20, 20, 40, 40, 40, 40, 40, 40, 40, 40, 40, 40, 40, 40, 40, 40, 40, 40, 40, 40, 35, 34, 34, 35, 35, 40, 40, 40, 40, 40, 40, 40, 40, 40, 40, 40, 40, 40, 40, 40, 39, 30, 30, 29, 29, 30, 35, 40, 40, 40, 40, 40, 40, 40, 34, 30, 30, 30, 30, 39, 40, 40, 40, 36, 32, 30, 32, 33, 28, 26, 28, 26, 15, 15, 12, 12, 13, 13, 12, 18, 18, 18, 13, 13, 13, 13, 25, 28, 26, 26, 26, 23, 12, 12, 12, 14, 14, 26, 20, 18
           RD_FILTER: SRA_READ_FILTER_PASS
                READ: TCCTGTTTGAAGACCTTACTCTTGGCGTGGTCGTCACAGTAGCATGCCTTACAGCGCAGGCAGGAGTGTTGTCCCAGTCTGTTACAGGACACACACTTGTATGTTTCTGCCTGGAGGATTTGGCAGCTTGCCTGGTGCTCAAACTGATCATCCTCACACAAGAAGTTTTGGCAGAAAGAGCAGCGGAAAATTCGCCCTCCATGATCCCAGACACTACGCTCACACTCAATGCAGTCTGCATCCGTTAGGGGACATGCACAGGCGTGAGTGCTCAGACATTTTCCTCCCAAGGCACACAGGGGGATA
         READ_FILTER: SRA_READ_FILTER_PASS
            READ_LEN: 306
            READ_SEG: [0, 306]
          READ_START: 0
           READ_TYPE: SRA_READ_TYPE_BIOLOGICAL
          SIGNAL_LEN: 0
          SPOT_COUNT: 13
          SPOT_GROUP: 
             SPOT_ID: 13
            SPOT_LEN: 306
            TRIM_LEN: 306
          TRIM_START: 0

