     ALIGNMENT_COUNT: 2, 2
          BASE_COUNT: 102
      BIO_BASE_COUNT: 102
      CMP_BASE_COUNT: 0
            CMP_READ: 
        COLOR_MATRIX: 0, 1, 2, 3, 4, 1, 0, 3, 2, 4, 2, 3, 0, 1, 4, 3, 2, 1, 0, 4, 4, 4, 4, 4, 4
              CSREAD: 323201020100233322210132122113012021012232021030023010312113020211222222020202031011021100000121120232
              CS_KEY: TT
           CS_NATIVE: false
      FIXED_SPOT_LEN: 0
         MAX_SPOT_ID: 1
         MIN_SPOT_ID: 1
                NAME: 1
            PLATFORM: SRA_PLATFORM_UNDEFINED
PRIMARY_ALIGNMENT_ID: 1, 2
             QUALITY: 30, 30, 30, 30, 30, 30, 1, 30, 20, 30, 30, 30, 30, 30, 20, 10, 10, 1, 30, 1, 30, 1, 30, 10, 10, 10, 10, 1, 1, 1, 1, 1, 10, 10, 1, 1, 1, 1, 1, 1, 10, 1, 1, 1, 1, 1, 1, 1, 1, 10, 1, 30, 30, 30, 10, 30, 30, 10, 1, 1, 10, 10, 1, 10, 10, 10, 10, 1, 1, 10, 10, 10, 10, 10, 10, 1, 10, 1, 1, 10, 10, 1, 1, 10, 1, 1, 1, 1, 1, 10, 1, 1, 1, 10, 1, 1, 1, 1, 1, 1, 1, 1
           RD_FILTER: SRA_READ_FILTER_PASS, SRA_READ_FILTER_PASS
                READ: AGCTTGGAACCCTATAGAGTTGCTGAGTGCCAGGACCAGATCCTGGCCCTATGGCAGTGCCTTCACTCTCTCCTTCCTTACCACCTGTTTTTTGACAGGATC
         READ_FILTER: SRA_READ_FILTER_PASS, SRA_READ_FILTER_PASS
            READ_LEN: 51, 51
            READ_SEG: [0, 51], [51, 51]
          READ_START: 0, 51
           READ_TYPE: SRA_READ_TYPE_BIOLOGICAL|SRA_READ_TYPE_FORWARD, SRA_READ_TYPE_BIOLOGICAL|SRA_READ_TYPE_REVERSE
          SIGNAL_LEN: 0
          SPOT_COUNT: 1
          SPOT_GROUP: SRR006423
             SPOT_ID: 1
            SPOT_LEN: 102
          TMP_KEY_ID: 0
            TRIM_LEN: 102
          TRIM_START: 0

            ALIGN_GROUP: 
               ALIGN_ID: 1
             BASE_COUNT: 102
         BIO_BASE_COUNT: 102
             CIGAR_LONG: 35=16S
         CIGAR_LONG_LEN: 6
            CIGAR_SHORT: 35M16S
        CIGAR_SHORT_LEN: 6
     CLIPPED_CIGAR_LONG: 35=
 CLIPPED_CIGAR_LONG_LEN: 3
    CLIPPED_CIGAR_SHORT: 35M
CLIPPED_CIGAR_SHORT_LEN: 3
   CLIPPED_HAS_MISMATCH: 00000000000000000000000000000000000
 CLIPPED_HAS_REF_OFFSET: 00000000000000000000000000000000000
       CLIPPED_MISMATCH: 
        CLIPPED_QUALITY: 30, 30, 30, 30, 30, 30, 1, 30, 20, 30, 30, 30, 30, 30, 20, 10, 10, 1, 30, 1, 30, 1, 30, 10, 10, 10, 10, 1, 1, 1, 1, 1, 10, 10, 1
           CLIPPED_READ: AGCTTGGAACCCTATAGAGTTGCTGAGTGCCAGGA
     CLIPPED_REF_OFFSET: 
         CMP_BASE_COUNT: 102
           COLOR_MATRIX: 0, 1, 2, 3, 4, 1, 0, 3, 2, 4, 2, 3, 0, 1, 4, 3, 2, 1, 0, 4, 4, 4, 4, 4, 4
                 CS_KEY: T
              CS_NATIVE: false
          EDIT_DISTANCE: 0
       GLOBAL_REF_START: 60024
           HAS_MISMATCH: 000000000000000000000000000000000000000000000000000
         HAS_REF_OFFSET: 000000000000000000000000000000000000000000000000000
                  LABEL: ploidy1
              LABEL_LEN: 7
            LABEL_START: 0
         LEFT_SOFT_CLIP: 0
                   MAPQ: 60
          MATE_ALIGN_ID: 2
        MATE_CIGAR_LONG: 16S27=1X7=
    MATE_CIGAR_LONG_LEN: 10
       MATE_CIGAR_SHORT: 16S35M
   MATE_CIGAR_SHORT_LEN: 6
     MATE_EDIT_DISTANCE: 1
            MATE_REF_ID: 13
           MATE_REF_LEN: 35
          MATE_REF_NAME: 20
   MATE_REF_ORIENTATION: true
           MATE_REF_POS: 60078
        MATE_REF_SEQ_ID: 20
            MAX_SPOT_ID: 2
            MIN_SPOT_ID: 1
               MISMATCH: 
          MISMATCH_READ: ===================================================
                   NAME: 1
               PLATFORM: SRA_PLATFORM_UNDEFINED
                QUALITY: 30, 30, 30, 30, 30, 30, 1, 30, 20, 30, 30, 30, 30, 30, 20, 10, 10, 1, 30, 1, 30, 1, 30, 10, 10, 10, 10, 1, 1, 1, 1, 1, 10, 10, 1, 1, 1, 1, 1, 1, 10, 1, 1, 1, 1, 1, 1, 1, 1, 10, 1
               RAW_READ: AGCTTGGAACCCTATAGAGTTGCTGAGTGCCAGGACCAGATCCTGGCCCTA
              RD_FILTER: SRA_READ_FILTER_PASS
                   READ: AGCTTGGAACCCTATAGAGTTGCTGAGTGCCAGGACCAGATCCTGGCCCTA
            READ_FILTER: SRA_READ_FILTER_PASS
               READ_LEN: 51
             READ_START: 0
              READ_TYPE: SRA_READ_TYPE_BIOLOGICAL|SRA_READ_TYPE_FORWARD
             REF_DELETE: 00000000000000000000000000000000000
                 REF_ID: 13
             REF_INSERT: 00000000000000000000000000000000000
                REF_LEN: 35
           REF_MISMATCH: 00000000000000000000000000000000000
               REF_NAME: 20
             REF_OFFSET: 
        REF_ORIENTATION: false
                REF_POS: 60024
               REF_READ: AGCTTGGAACCCTATAGAGTTGCTGAGTGCCAGGA
             REF_SEQ_ID: 20
              REF_START: 24
              REF_TABLE: REFERENCE
        RIGHT_SOFT_CLIP: 16
              SAM_FLAGS: 99
               SEQ_NAME: 1
            SEQ_READ_ID: 1
         SEQ_SPOT_GROUP: SRR006423
            SEQ_SPOT_ID: 1
             SPOT_COUNT: 2
             SPOT_GROUP: SRR006423
                SPOT_ID: 1
               SPOT_LEN: 51
           TEMPLATE_LEN: 89
             TMP_KEY_ID: 0, 0
               TRIM_LEN: 51
             TRIM_START: 0

            ALIGN_GROUP: 
               ALIGN_ID: 2
             BASE_COUNT: 102
         BIO_BASE_COUNT: 102
             CIGAR_LONG: 16S27=1X7=
         CIGAR_LONG_LEN: 10
            CIGAR_SHORT: 16S35M
        CIGAR_SHORT_LEN: 6
     CLIPPED_CIGAR_LONG: 27=1X7=
 CLIPPED_CIGAR_LONG_LEN: 7
    CLIPPED_CIGAR_SHORT: 35M
CLIPPED_CIGAR_SHORT_LEN: 3
   CLIPPED_HAS_MISMATCH: 00000000000000000000000000010000000
 CLIPPED_HAS_REF_OFFSET: 00000000000000000000000000000000000
       CLIPPED_MISMATCH: C
        CLIPPED_QUALITY: 1, 1, 10, 1, 1, 10, 10, 1, 1, 10, 1, 10, 10, 10, 10, 10, 10, 1, 1, 10, 10, 10, 10, 1, 10, 10, 1, 1, 10, 30, 30, 10, 30, 30, 30
           CLIPPED_READ: AGGTGGTAAGGAAGGAGAGAGTGAAGGCACTGCCA
     CLIPPED_REF_OFFSET: 
         CMP_BASE_COUNT: 102
           COLOR_MATRIX: 0, 1, 2, 3, 4, 1, 0, 3, 2, 4, 2, 3, 0, 1, 4, 3, 2, 1, 0, 4, 4, 4, 4, 4, 4
                 CS_KEY: T
              CS_NATIVE: false
          EDIT_DISTANCE: 1
       GLOBAL_REF_START: 60078
           HAS_MISMATCH: 111111111111111100000000000000000000000000010000000
         HAS_REF_OFFSET: 100000000000000000000000000000000000000000000000000
                  LABEL: ploidy1
              LABEL_LEN: 7
            LABEL_START: 0
         LEFT_SOFT_CLIP: 16
                   MAPQ: 60
          MATE_ALIGN_ID: 1
        MATE_CIGAR_LONG: 35=16S
    MATE_CIGAR_LONG_LEN: 6
       MATE_CIGAR_SHORT: 35M16S
   MATE_CIGAR_SHORT_LEN: 6
     MATE_EDIT_DISTANCE: 0
            MATE_REF_ID: 13
           MATE_REF_LEN: 35
          MATE_REF_NAME: 20
   MATE_REF_ORIENTATION: false
           MATE_REF_POS: 60024
        MATE_REF_SEQ_ID: 20
            MAX_SPOT_ID: 2
            MIN_SPOT_ID: 1
               MISMATCH: GATCCTGTCAAAAAACC
          MISMATCH_READ: GATCCTGTCAAAAAAC===========================C=======
                   NAME: 2
               PLATFORM: SRA_PLATFORM_UNDEFINED
                QUALITY: 1, 1, 1, 1, 1, 1, 1, 1, 10, 1, 1, 1, 10, 1, 1, 1, 1, 1, 10, 1, 1, 10, 10, 1, 1, 10, 1, 10, 10, 10, 10, 10, 10, 1, 1, 10, 10, 10, 10, 1, 10, 10, 1, 1, 10, 30, 30, 10, 30, 30, 30
               RAW_READ: TGGCAGTGCCTTCACTCTCTCCTTCCTTACCACCTGTTTTTTGACAGGATC
              RD_FILTER: SRA_READ_FILTER_PASS
                   READ: GATCCTGTCAAAAAACAGGTGGTAAGGAAGGAGAGAGTGAAGGCACTGCCA
            READ_FILTER: SRA_READ_FILTER_PASS
               READ_LEN: 51
             READ_START: 0
              READ_TYPE: SRA_READ_TYPE_BIOLOGICAL|SRA_READ_TYPE_FORWARD
             REF_DELETE: 00000000000000000000000000000000000
                 REF_ID: 13
             REF_INSERT: 00000000000000000000000000000000000
                REF_LEN: 35
           REF_MISMATCH: 00000000000000000000000000010000000
               REF_NAME: 20
             REF_OFFSET: -16
        REF_ORIENTATION: true
                REF_POS: 60078
               REF_READ: AGGTGGTAAGGAAGGAGAGAGTGAAGGAACTGCCA
             REF_SEQ_ID: 20
              REF_START: 78
              REF_TABLE: REFERENCE
        RIGHT_SOFT_CLIP: 0
              SAM_FLAGS: 147
               SEQ_NAME: 1
            SEQ_READ_ID: 2
         SEQ_SPOT_GROUP: SRR006423
            SEQ_SPOT_ID: 1
             SPOT_COUNT: 2
             SPOT_GROUP: SRR006423
                SPOT_ID: 2
               SPOT_LEN: 51
           TEMPLATE_LEN: -89
             TMP_KEY_ID: 0, 0
               TRIM_LEN: 51
             TRIM_START: 0

               ALIGN_ID: 1
             BASE_COUNT: 102
         BIO_BASE_COUNT: 102
             CIGAR_LONG: 35=16S
         CIGAR_LONG_LEN: 6
            CIGAR_SHORT: 35M16S
        CIGAR_SHORT_LEN: 6
     CLIPPED_CIGAR_LONG: 35=
 CLIPPED_CIGAR_LONG_LEN: 3
    CLIPPED_CIGAR_SHORT: 35M
CLIPPED_CIGAR_SHORT_LEN: 3
   CLIPPED_HAS_MISMATCH: 00000000000000000000000000000000000
 CLIPPED_HAS_REF_OFFSET: 00000000000000000000000000000000000
       CLIPPED_MISMATCH: 
        CLIPPED_QUALITY: 30, 30, 30, 30, 30, 30, 1, 30, 20, 30, 30, 30, 30, 30, 20, 10, 10, 1, 30, 1, 30, 1, 30, 10, 10, 10, 10, 1, 1, 1, 1, 1, 10, 10, 1
           CLIPPED_READ: AGCTTGGAACCCTATAGAGTTGCTGAGTGCCAGGA
     CLIPPED_REF_OFFSET: 
         CMP_BASE_COUNT: 102
           COLOR_MATRIX: 0, 1, 2, 3, 4, 1, 0, 3, 2, 4, 2, 3, 0, 1, 4, 3, 2, 1, 0, 4, 4, 4, 4, 4, 4
                 CS_KEY: T
              CS_NATIVE: false
          EDIT_DISTANCE: 0
       GLOBAL_REF_START: 60024
           HAS_MISMATCH: 000000000000000000000000000000000001111111111111111
         HAS_REF_OFFSET: 000000000000000000000000000000000000000000000000000
                  LABEL: ploidy1
              LABEL_LEN: 7
            LABEL_START: 0
         LEFT_SOFT_CLIP: 0
                   MAPQ: 60
          MATE_ALIGN_ID: 
            MATE_REF_ID: 1
           MATE_REF_LEN: 
          MATE_REF_NAME: 20
   MATE_REF_ORIENTATION: true
           MATE_REF_POS: 60078
        MATE_REF_SEQ_ID: 20
            MAX_SPOT_ID: 2
            MIN_SPOT_ID: 1
               MISMATCH: CCAGATCCTGGCCCTA
          MISMATCH_READ: ===================================CCAGATCCTGGCCCTA
                   NAME: 1
               PLATFORM: SRA_PLATFORM_UNDEFINED
   PRIMARY_ALIGNMENT_ID: 1
                QUALITY: 30, 30, 30, 30, 30, 30, 1, 30, 20, 30, 30, 30, 30, 30, 20, 10, 10, 1, 30, 1, 30, 1, 30, 10, 10, 10, 10, 1, 1, 1, 1, 1, 10, 10, 1, 1, 1, 1, 1, 1, 10, 1, 1, 1, 1, 1, 1, 1, 1, 10, 1
               RAW_READ: AGCTTGGAACCCTATAGAGTTGCTGAGTGCCAGGACCAGATCCTGGCCCTA
              RD_FILTER: SRA_READ_FILTER_PASS
                   READ: AGCTTGGAACCCTATAGAGTTGCTGAGTGCCAGGACCAGATCCTGGCCCTA
            READ_FILTER: SRA_READ_FILTER_PASS
               READ_LEN: 51
             READ_START: 0
              READ_TYPE: SRA_READ_TYPE_BIOLOGICAL|SRA_READ_TYPE_FORWARD
             REF_DELETE: 00000000000000000000000000000000000
                 REF_ID: 13
             REF_INSERT: 00000000000000000000000000000000000
                REF_LEN: 35
           REF_MISMATCH: 00000000000000000000000000000000000
               REF_NAME: 20
             REF_OFFSET: 
        REF_ORIENTATION: false
                REF_POS: 60024
               REF_READ: AGCTTGGAACCCTATAGAGTTGCTGAGTGCCAGGA
             REF_SEQ_ID: 20
              REF_START: 24
              REF_TABLE: REFERENCE
        RIGHT_SOFT_CLIP: 16
              SAM_FLAGS: 355
               SEQ_NAME: 1
            SEQ_READ_ID: 1
         SEQ_SPOT_GROUP: SRR006423
            SEQ_SPOT_ID: 1
             SPOT_COUNT: 2
             SPOT_GROUP: SRR006423
                SPOT_ID: 1
               SPOT_LEN: 51
           TEMPLATE_LEN: 89
             TMP_KEY_ID: 0, 0
               TRIM_LEN: 51
             TRIM_START: 0

               ALIGN_ID: 2
             BASE_COUNT: 102
         BIO_BASE_COUNT: 102
             CIGAR_LONG: 16S27=1X7=
         CIGAR_LONG_LEN: 10
            CIGAR_SHORT: 16S35M
        CIGAR_SHORT_LEN: 6
     CLIPPED_CIGAR_LONG: 27=1X7=
 CLIPPED_CIGAR_LONG_LEN: 7
    CLIPPED_CIGAR_SHORT: 35M
CLIPPED_CIGAR_SHORT_LEN: 3
   CLIPPED_HAS_MISMATCH: 00000000000000000000000000010000000
 CLIPPED_HAS_REF_OFFSET: 00000000000000000000000000000000000
       CLIPPED_MISMATCH: C
        CLIPPED_QUALITY: 1, 1, 10, 1, 1, 10, 10, 1, 1, 10, 1, 10, 10, 10, 10, 10, 10, 1, 1, 10, 10, 10, 10, 1, 10, 10, 1, 1, 10, 30, 30, 10, 30, 30, 30
           CLIPPED_READ: AGGTGGTAAGGAAGGAGAGAGTGAAGGCACTGCCA
     CLIPPED_REF_OFFSET: 
         CMP_BASE_COUNT: 102
           COLOR_MATRIX: 0, 1, 2, 3, 4, 1, 0, 3, 2, 4, 2, 3, 0, 1, 4, 3, 2, 1, 0, 4, 4, 4, 4, 4, 4
                 CS_KEY: T
              CS_NATIVE: false
          EDIT_DISTANCE: 1
       GLOBAL_REF_START: 60078
           HAS_MISMATCH: 111111111111111100000000000000000000000000010000000
         HAS_REF_OFFSET: 100000000000000000000000000000000000000000000000000
                  LABEL: ploidy1
              LABEL_LEN: 7
            LABEL_START: 0
         LEFT_SOFT_CLIP: 16
                   MAPQ: 60
          MATE_ALIGN_ID: 
            MATE_REF_ID: 1
           MATE_REF_LEN: 
          MATE_REF_NAME: 20
   MATE_REF_ORIENTATION: false
           MATE_REF_POS: 60024
        MATE_REF_SEQ_ID: 20
            MAX_SPOT_ID: 2
            MIN_SPOT_ID: 1
               MISMATCH: GATCCTGTCAAAAAACC
          MISMATCH_READ: GATCCTGTCAAAAAAC===========================C=======
                   NAME: 2
               PLATFORM: SRA_PLATFORM_UNDEFINED
   PRIMARY_ALIGNMENT_ID: 2
                QUALITY: 1, 1, 1, 1, 1, 1, 1, 1, 10, 1, 1, 1, 10, 1, 1, 1, 1, 1, 10, 1, 1, 10, 10, 1, 1, 10, 1, 10, 10, 10, 10, 10, 10, 1, 1, 10, 10, 10, 10, 1, 10, 10, 1, 1, 10, 30, 30, 10, 30, 30, 30
               RAW_READ: TGGCAGTGCCTTCACTCTCTCCTTCCTTACCACCTGTTTTTTGACAGGATC
              RD_FILTER: SRA_READ_FILTER_PASS
                   READ: GATCCTGTCAAAAAACAGGTGGTAAGGAAGGAGAGAGTGAAGGCACTGCCA
            READ_FILTER: SRA_READ_FILTER_PASS
               READ_LEN: 51
             READ_START: 0
              READ_TYPE: SRA_READ_TYPE_BIOLOGICAL|SRA_READ_TYPE_FORWARD
             REF_DELETE: 00000000000000000000000000000000000
                 REF_ID: 13
             REF_INSERT: 00000000000000000000000000000000000
                REF_LEN: 35
           REF_MISMATCH: 00000000000000000000000000010000000
               REF_NAME: 20
             REF_OFFSET: -16
        REF_ORIENTATION: true
                REF_POS: 60078
               REF_READ: AGGTGGTAAGGAAGGAGAGAGTGAAGGAACTGCCA
             REF_SEQ_ID: 20
              REF_START: 78
              REF_TABLE: REFERENCE
        RIGHT_SOFT_CLIP: 0
              SAM_FLAGS: 403
               SEQ_NAME: 1
            SEQ_READ_ID: 2
         SEQ_SPOT_GROUP: SRR006423
            SEQ_SPOT_ID: 1
             SPOT_COUNT: 2
             SPOT_GROUP: SRR006423
                SPOT_ID: 2
               SPOT_LEN: 51
           TEMPLATE_LEN: -89
             TMP_KEY_ID: 0, 0
               TRIM_LEN: 51
             TRIM_START: 0

