     ALIGNMENT_COUNT: 0, 0
          BASE_COUNT: 75
      BIO_BASE_COUNT: 75
      CMP_BASE_COUNT: 75
        COLOR_MATRIX: 0, 1, 2, 3, 4, 1, 0, 3, 2, 4, 2, 3, 0, 1, 4, 3, 2, 1, 0, 4, 4, 4, 4, 4, 4
              CSREAD: 013130300313201110031031232103031310000322001020020200331022222023122000002
              CS_KEY: TT
           CS_NATIVE: false
      FIXED_SPOT_LEN: 75
         MAX_SPOT_ID: 1
         MIN_SPOT_ID: 1
                NAME: 1
            PLATFORM: SRA_PLATFORM_UNDEFINED
PRIMARY_ALIGNMENT_ID: 0, 0
             QUALITY: 30, 30, 30, 30, 30, 30, 30, 30, 30, 30, 30, 30, 30, 30, 30, 30, 30, 30, 30, 30, 30, 30, 30, 30, 30, 30, 30, 30, 30, 30, 30, 30, 30, 30, 30, 30, 30, 30, 30, 30, 30, 30, 30, 30, 30, 30, 30, 30, 30, 30, 30, 30, 30, 30, 30, 30, 30, 30, 30, 30, 30, 30, 30, 30, 30, 30, 30, 30, 30, 30, 30, 30, 30, 30, 30
           RD_FILTER: SRA_READ_FILTER_PASS, SRA_READ_FILTER_PASS
                READ: TGCATTAAATGCTTGTGGGCAATGATCAATTACGTTTTTAGAAACCTTTCCTTTATGGAGAGAAGCAGAAAAAAG
         READ_FILTER: SRA_READ_FILTER_PASS, SRA_READ_FILTER_PASS
            READ_LEN: 0, 75
            READ_SEG: [0, 0], [0, 75]
          READ_START: 0, 0
           READ_TYPE: SRA_READ_TYPE_TECHNICAL, SRA_READ_TYPE_BIOLOGICAL|SRA_READ_TYPE_FORWARD
          SIGNAL_LEN: 0
          SPOT_COUNT: 1
          SPOT_GROUP: 123467
             SPOT_ID: 1
            SPOT_LEN: 75
          TMP_KEY_ID: 0
            TRIM_LEN: 75
          TRIM_START: 0

