     ALIGNMENT_COUNT: 0
          BASE_COUNT: 51
      BIO_BASE_COUNT: 51
      CMP_BASE_COUNT: 51
        COLOR_MATRIX: 0, 1, 2, 3, 4, 1, 0, 3, 2, 4, 2, 3, 0, 1, 4, 3, 2, 1, 0, 4, 4, 4, 4, 4, 4
              CSREAD: 010312113020211222222020202031011021100000121120232
              CS_KEY: T
           CS_NATIVE: false
      FIXED_SPOT_LEN: 51
         MAX_SPOT_ID: 1
         MIN_SPOT_ID: 1
                NAME: 1
            PLATFORM: SRA_PLATFORM_UNDEFINED
PRIMARY_ALIGNMENT_ID: 0
             QUALITY: 30, 30, 30, 10, 30, 30, 10, 1, 1, 10, 10, 1, 10, 10, 10, 10, 1, 1, 10, 10, 10, 10, 10, 10, 1, 10, 1, 1, 10, 10, 1, 1, 10, 1, 1, 1, 1, 1, 10, 1, 1, 1, 10, 1, 1, 1, 1, 1, 1, 1, 1
           RD_FILTER: SRA_READ_FILTER_PASS
                READ: TGGCAGTGCCTTCACTCTCTCCTTCCTTACCACCTGTTTTTTGACAGGATC
         READ_FILTER: SRA_READ_FILTER_PASS
            READ_LEN: 51
            READ_SEG: [0, 51]
          READ_START: 0
           READ_TYPE: SRA_READ_TYPE_BIOLOGICAL|SRA_READ_TYPE_REVERSE
          SIGNAL_LEN: 0
          SPOT_COUNT: 1
          SPOT_GROUP: SRR006423
             SPOT_ID: 1
            SPOT_LEN: 51
          TMP_KEY_ID: 0
            TRIM_LEN: 51
          TRIM_START: 0

